// Jest Snapshot v1, https://goo.gl/fbAQLP

exports[`renders without crashing 1`] = `
<div
  className="app"
>
  <h1>
    My groceries :
  </h1>
  <input
    onKeyPress={[Function]}
    placeholder="Add an item..."
    type="text"
  />
  <ul>
    <Item
      checked={false}
      editMode={false}
      id="1"
      key="0"
      name="Apples"
      startEditGroceryItem={[Function]}
    />
    <Item
      checked={false}
      editMode={false}
      id="2"
      key="1"
      name="Oranges"
      startEditGroceryItem={[Function]}
    />
  </ul>
</div>
`;
