// Jest Snapshot v1, https://goo.gl/fbAQLP

exports[`match snapshot 1`] = `
<li>
  <CheckBox
    checked={false}
    handleCheck={[Function]}
  />
  Apples
  <button
    id="editButton"
    onClick={[Function]}
  >
    Edit
  </button>
  <button
    id="deleteButton"
    onClick={[Function]}
  >
    Delete
  </button>
</li>
`;
